> Task :app:preBuild UP-TO-DATE
> Task :app:preDebugBuild UP-TO-DATE
> Task :app:mergeDebugNativeDebugMetadata NO-SOURCE
> Task :app:dataBindingMergeDependencyArtifactsDebug UP-TO-DATE
> Task :app:generateDebugResValues UP-TO-DATE
> Task :app:generateDebugResources UP-TO-DATE
> Task :app:mergeDebugResources UP-TO-DATE
> Task :app:packageDebugResources UP-TO-DATE
> Task :app:processDebugNavigationResources UP-TO-DATE
> Task :app:parseDebugLocalResources UP-TO-DATE
> Task :app:dataBindingGenBaseClassesDebug UP-TO-DATE
> Task :app:javaPreCompileDebug UP-TO-DATE
> Task :app:checkDebugAarMetadata UP-TO-DATE
> Task :app:compileDebugNavigationResources UP-TO-DATE
> Task :app:mapDebugSourceSetPaths UP-TO-DATE
> Task :app:createDebugCompatibleScreenManifests UP-TO-DATE
> Task :app:extractDeepLinksDebug UP-TO-DATE
> Task :app:processDebugMainManifest UP-TO-DATE
> Task :app:processDebugManifest UP-TO-DATE
> Task :app:processDebugManifestForPackage UP-TO-DATE
> Task :app:mergeDebugShaders UP-TO-DATE
> Task :app:compileDebugShaders NO-SOURCE
> Task :app:generateDebugAssets UP-TO-DATE
> Task :app:mergeDebugAssets UP-TO-DATE
> Task :app:compressDebugAssets UP-TO-DATE
> Task :app:processDebugJavaRes NO-SOURCE
> Task :app:mergeDebugJavaResource UP-TO-DATE
> Task :app:checkDebugDuplicateClasses UP-TO-DATE
> Task :app:desugarDebugFileDependencies UP-TO-DATE
> Task :app:mergeExtDexDebug UP-TO-DATE
> Task :app:mergeLibDexDebug UP-TO-DATE
> Task :app:configureCMakeDebug[arm64-v8a]
> Task :app:processDebugResources

> Task :app:buildCMakeDebug[arm64-v8a]
C/C++: ninja: Entering directory `/Volumes/Realtek/project/android/project/launch/app/.cxx/Debug/3g135d5g/arm64-v8a'
C/C++: /Volumes/Realtek/project/android/project/launch/app/src/main/cpp/native-lib.cpp:61:72: warning: unused parameter 'env' [-Wunused-parameter]
C/C++:    61 | Java_com_xff_launch_detector_NativeDetector_checkSuFilesNative(JNIEnv *env, jobject thiz) {
C/C++:       |                                                                        ^
C/C++: /Volumes/Realtek/project/android/project/launch/app/src/main/cpp/native-lib.cpp:61:85: warning: unused parameter 'thiz' [-Wunused-parameter]
C/C++:    61 | Java_com_xff_launch_detector_NativeDetector_checkSuFilesNative(JNIEnv *env, jobject thiz) {
C/C++:       |                                                                                     ^
C/C++: /Volumes/Realtek/project/android/project/launch/app/src/main/cpp/native-lib.cpp:66:73: warning: unused parameter 'env' [-Wunused-parameter]
C/C++:    66 | Java_com_xff_launch_detector_NativeDetector_checkSuFilesSyscall(JNIEnv *env, jobject thiz) {
C/C++:       |                                                                         ^
C/C++: /Volumes/Realtek/project/android/project/launch/app/src/main/cpp/native-lib.cpp:66:86: warning: unused parameter 'thiz' [-Wunused-parameter]
C/C++:    66 | Java_com_xff_launch_detector_NativeDetector_checkSuFilesSyscall(JNIEnv *env, jobject thiz) {
C/C++:       |                                                                                      ^
C/C++: /Volumes/Realtek/project/android/project/launch/app/src/main/cpp/native-lib.cpp:71:71: warning: unused parameter 'env' [-Wunused-parameter]
C/C++:    71 | Java_com_xff_launch_detector_NativeDetector_checkMagiskNative(JNIEnv *env, jobject thiz) {
C/C++:       |                                                                       ^
C/C++: /Volumes/Realtek/project/android/project/launch/app/src/main/cpp/native-lib.cpp:71:84: warning: unused parameter 'thiz' [-Wunused-parameter]
C/C++:    71 | Java_com_xff_launch_detector_NativeDetector_checkMagiskNative(JNIEnv *env, jobject thiz) {
C/C++:       |                                                                                    ^
C/C++: /Volumes/Realtek/project/android/project/launch/app/src/main/cpp/native-lib.cpp:76:72: warning: unused parameter 'env' [-Wunused-parameter]
C/C++:    76 | Java_com_xff_launch_detector_NativeDetector_checkMagiskSyscall(JNIEnv *env, jobject thiz) {
C/C++:       |                                                                        ^
C/C++: /Volumes/Realtek/project/android/project/launch/app/src/main/cpp/native-lib.cpp:76:85: warning: unused parameter 'thiz' [-Wunused-parameter]
C/C++:    76 | Java_com_xff_launch_detector_NativeDetector_checkMagiskSyscall(JNIEnv *env, jobject thiz) {
C/C++:       |                                                                                     ^
C/C++: /Volumes/Realtek/project/android/project/launch/app/src/main/cpp/native-lib.cpp:81:73: warning: unused parameter 'env' [-Wunused-parameter]
C/C++:    81 | Java_com_xff_launch_detector_NativeDetector_checkKernelSUNative(JNIEnv *env, jobject thiz) {
C/C++:       |                                                                         ^
C/C++: /Volumes/Realtek/project/android/project/launch/app/src/main/cpp/native-lib.cpp:81:86: warning: unused parameter 'thiz' [-Wunused-parameter]
C/C++:    81 | Java_com_xff_launch_detector_NativeDetector_checkKernelSUNative(JNIEnv *env, jobject thiz) {
C/C++:       |                                                                                      ^
C/C++: /Volumes/Realtek/project/android/project/launch/app/src/main/cpp/native-lib.cpp:86:74: warning: unused parameter 'env' [-Wunused-parameter]
C/C++:    86 | Java_com_xff_launch_detector_NativeDetector_checkKernelSUSyscall(JNIEnv *env, jobject thiz) {
C/C++:       |                                                                          ^
C/C++: /Volumes/Realtek/project/android/project/launch/app/src/main/cpp/native-lib.cpp:86:87: warning: unused parameter 'thiz' [-Wunused-parameter]
C/C++:    86 | Java_com_xff_launch_detector_NativeDetector_checkKernelSUSyscall(JNIEnv *env, jobject thiz) {
C/C++:       |                                                                                       ^
C/C++: /Volumes/Realtek/project/android/project/launch/app/src/main/cpp/native-lib.cpp:91:71: warning: unused parameter 'env' [-Wunused-parameter]
C/C++:    91 | Java_com_xff_launch_detector_NativeDetector_checkAPatchNative(JNIEnv *env, jobject thiz) {
C/C++:       |                                                                       ^
C/C++: /Volumes/Realtek/project/android/project/launch/app/src/main/cpp/native-lib.cpp:91:84: warning: unused parameter 'thiz' [-Wunused-parameter]
C/C++:    91 | Java_com_xff_launch_detector_NativeDetector_checkAPatchNative(JNIEnv *env, jobject thiz) {
C/C++:       |                                                                                    ^
C/C++: /Volumes/Realtek/project/android/project/launch/app/src/main/cpp/native-lib.cpp:96:72: warning: unused parameter 'env' [-Wunused-parameter]
C/C++:    96 | Java_com_xff_launch_detector_NativeDetector_checkAPatchSyscall(JNIEnv *env, jobject thiz) {
C/C++:       |                                                                        ^
C/C++: /Volumes/Realtek/project/android/project/launch/app/src/main/cpp/native-lib.cpp:96:85: warning: unused parameter 'thiz' [-Wunused-parameter]
C/C++:    96 | Java_com_xff_launch_detector_NativeDetector_checkAPatchSyscall(JNIEnv *env, jobject thiz) {
C/C++:       |                                                                                     ^
C/C++: /Volumes/Realtek/project/android/project/launch/app/src/main/cpp/native-lib.cpp:101:71: warning: unused parameter 'env' [-Wunused-parameter]
C/C++:   101 | Java_com_xff_launch_detector_NativeDetector_checkSukiSUNative(JNIEnv *env, jobject thiz) {
C/C++:       |                                                                       ^
C/C++: /Volumes/Realtek/project/android/project/launch/app/src/main/cpp/native-lib.cpp:101:84: warning: unused parameter 'thiz' [-Wunused-parameter]
C/C++:   101 | Java_com_xff_launch_detector_NativeDetector_checkSukiSUNative(JNIEnv *env, jobject thiz) {
C/C++:       |                                                                                    ^
C/C++: /Volumes/Realtek/project/android/project/launch/app/src/main/cpp/native-lib.cpp:106:72: warning: unused parameter 'env' [-Wunused-parameter]
C/C++:   106 | Java_com_xff_launch_detector_NativeDetector_checkSukiSUSyscall(JNIEnv *env, jobject thiz) {
C/C++:       |                                                                        ^
C/C++: /Volumes/Realtek/project/android/project/launch/app/src/main/cpp/native-lib.cpp:106:85: warning: unused parameter 'thiz' [-Wunused-parameter]
C/C++:   106 | Java_com_xff_launch_detector_NativeDetector_checkSukiSUSyscall(JNIEnv *env, jobject thiz) {
C/C++:       |                                                                                     ^
C/C++: /Volumes/Realtek/project/android/project/launch/app/src/main/cpp/native-lib.cpp:111:75: warning: unused parameter 'env' [-Wunused-parameter]
C/C++:   111 | Java_com_xff_launch_detector_NativeDetector_checkRootHidingNative(JNIEnv *env, jobject thiz) {
C/C++:       |                                                                           ^
C/C++: /Volumes/Realtek/project/android/project/launch/app/src/main/cpp/native-lib.cpp:111:88: warning: unused parameter 'thiz' [-Wunused-parameter]
C/C++:   111 | Java_com_xff_launch_detector_NativeDetector_checkRootHidingNative(JNIEnv *env, jobject thiz) {
C/C++:       |                                                                                        ^
C/C++: /Volumes/Realtek/project/android/project/launch/app/src/main/cpp/native-lib.cpp:116:76: warning: unused parameter 'env' [-Wunused-parameter]
C/C++:   116 | Java_com_xff_launch_detector_NativeDetector_checkRootHidingSyscall(JNIEnv *env, jobject thiz) {
C/C++:       |                                                                            ^
C/C++: /Volumes/Realtek/project/android/project/launch/app/src/main/cpp/native-lib.cpp:116:89: warning: unused parameter 'thiz' [-Wunused-parameter]
C/C++:   116 | Java_com_xff_launch_detector_NativeDetector_checkRootHidingSyscall(JNIEnv *env, jobject thiz) {
C/C++:       |                                                                                         ^
C/C++: /Volumes/Realtek/project/android/project/launch/app/src/main/cpp/native-lib.cpp:121:81: warning: unused parameter 'env' [-Wunused-parameter]
C/C++:   121 | Java_com_xff_launch_detector_NativeDetector_checkSuspiciousMountsNative(JNIEnv *env, jobject thiz) {
C/C++:       |                                                                                 ^
C/C++: /Volumes/Realtek/project/android/project/launch/app/src/main/cpp/native-lib.cpp:121:94: warning: unused parameter 'thiz' [-Wunused-parameter]
C/C++:   121 | Java_com_xff_launch_detector_NativeDetector_checkSuspiciousMountsNative(JNIEnv *env, jobject thiz) {
C/C++:       |                                                                                              ^
C/C++: /Volumes/Realtek/project/android/project/launch/app/src/main/cpp/native-lib.cpp:126:82: warning: unused parameter 'env' [-Wunused-parameter]
C/C++:   126 | Java_com_xff_launch_detector_NativeDetector_checkSuspiciousMountsSyscall(JNIEnv *env, jobject thiz) {
C/C++:       |                                                                                  ^
C/C++: /Volumes/Realtek/project/android/project/launch/app/src/main/cpp/native-lib.cpp:126:95: warning: unused parameter 'thiz' [-Wunused-parameter]
C/C++:   126 | Java_com_xff_launch_detector_NativeDetector_checkSuspiciousMountsSyscall(JNIEnv *env, jobject thiz) {
C/C++:       |                                                                                               ^
C/C++: /Volumes/Realtek/project/android/project/launch/app/src/main/cpp/native-lib.cpp:131:74: warning: unused parameter 'env' [-Wunused-parameter]
C/C++:   131 | Java_com_xff_launch_detector_NativeDetector_checkMountInfoNative(JNIEnv *env, jobject thiz) {
C/C++:       |                                                                          ^
C/C++: /Volumes/Realtek/project/android/project/launch/app/src/main/cpp/native-lib.cpp:131:87: warning: unused parameter 'thiz' [-Wunused-parameter]
C/C++:   131 | Java_com_xff_launch_detector_NativeDetector_checkMountInfoNative(JNIEnv *env, jobject thiz) {
C/C++:       |                                                                                       ^
C/C++: /Volumes/Realtek/project/android/project/launch/app/src/main/cpp/native-lib.cpp:136:75: warning: unused parameter 'env' [-Wunused-parameter]
C/C++:   136 | Java_com_xff_launch_detector_NativeDetector_checkMountInfoSyscall(JNIEnv *env, jobject thiz) {
C/C++:       |                                                                           ^
C/C++: /Volumes/Realtek/project/android/project/launch/app/src/main/cpp/native-lib.cpp:136:88: warning: unused parameter 'thiz' [-Wunused-parameter]
C/C++:   136 | Java_com_xff_launch_detector_NativeDetector_checkMountInfoSyscall(JNIEnv *env, jobject thiz) {
C/C++:       |                                                                                        ^
C/C++: /Volumes/Realtek/project/android/project/launch/app/src/main/cpp/native-lib.cpp:143:71: warning: unused parameter 'env' [-Wunused-parameter]
C/C++:   143 | Java_com_xff_launch_detector_NativeDetector_checkXposedNative(JNIEnv *env, jobject thiz) {
C/C++:       |                                                                       ^
C/C++: /Volumes/Realtek/project/android/project/launch/app/src/main/cpp/native-lib.cpp:143:84: warning: unused parameter 'thiz' [-Wunused-parameter]
C/C++:   143 | Java_com_xff_launch_detector_NativeDetector_checkXposedNative(JNIEnv *env, jobject thiz) {
C/C++:       |                                                                                    ^
C/C++: /Volumes/Realtek/project/android/project/launch/app/src/main/cpp/native-lib.cpp:148:72: warning: unused parameter 'env' [-Wunused-parameter]
C/C++:   148 | Java_com_xff_launch_detector_NativeDetector_checkXposedSyscall(JNIEnv *env, jobject thiz) {
C/C++:       |                                                                        ^
C/C++: /Volumes/Realtek/project/android/project/launch/app/src/main/cpp/native-lib.cpp:148:85: warning: unused parameter 'thiz' [-Wunused-parameter]
C/C++:   148 | Java_com_xff_launch_detector_NativeDetector_checkXposedSyscall(JNIEnv *env, jobject thiz) {
C/C++:       |                                                                                     ^
C/C++: /Volumes/Realtek/project/android/project/launch/app/src/main/cpp/native-lib.cpp:153:70: warning: unused parameter 'env' [-Wunused-parameter]
C/C++:   153 | Java_com_xff_launch_detector_NativeDetector_checkFridaNative(JNIEnv *env, jobject thiz) {
C/C++:       |                                                                      ^
C/C++: /Volumes/Realtek/project/android/project/launch/app/src/main/cpp/native-lib.cpp:153:83: warning: unused parameter 'thiz' [-Wunused-parameter]
C/C++:   153 | Java_com_xff_launch_detector_NativeDetector_checkFridaNative(JNIEnv *env, jobject thiz) {
C/C++:       |                                                                                   ^
C/C++: /Volumes/Realtek/project/android/project/launch/app/src/main/cpp/native-lib.cpp:159:71: warning: unused parameter 'env' [-Wunused-parameter]
C/C++:   159 | Java_com_xff_launch_detector_NativeDetector_checkFridaSyscall(JNIEnv *env, jobject thiz) {
C/C++:       |                                                                       ^
C/C++: /Volumes/Realtek/project/android/project/launch/app/src/main/cpp/native-lib.cpp:159:84: warning: unused parameter 'thiz' [-Wunused-parameter]
C/C++:   159 | Java_com_xff_launch_detector_NativeDetector_checkFridaSyscall(JNIEnv *env, jobject thiz) {
C/C++:       |                                                                                    ^
C/C++: /Volumes/Realtek/project/android/project/launch/app/src/main/cpp/native-lib.cpp:164:72: warning: unused parameter 'env' [-Wunused-parameter]
C/C++:   164 | Java_com_xff_launch_detector_NativeDetector_checkLSPosedNative(JNIEnv *env, jobject thiz) {
C/C++:       |                                                                        ^
C/C++: /Volumes/Realtek/project/android/project/launch/app/src/main/cpp/native-lib.cpp:164:85: warning: unused parameter 'thiz' [-Wunused-parameter]
C/C++:   164 | Java_com_xff_launch_detector_NativeDetector_checkLSPosedNative(JNIEnv *env, jobject thiz) {
C/C++:       |                                                                                     ^
C/C++: /Volumes/Realtek/project/android/project/launch/app/src/main/cpp/native-lib.cpp:169:73: warning: unused parameter 'env' [-Wunused-parameter]
C/C++:   169 | Java_com_xff_launch_detector_NativeDetector_checkLSPosedSyscall(JNIEnv *env, jobject thiz) {
C/C++:       |                                                                         ^
C/C++: /Volumes/Realtek/project/android/project/launch/app/src/main/cpp/native-lib.cpp:169:86: warning: unused parameter 'thiz' [-Wunused-parameter]
C/C++:   169 | Java_com_xff_launch_detector_NativeDetector_checkLSPosedSyscall(JNIEnv *env, jobject thiz) {
C/C++:       |                                                                                      ^
C/C++: /Volumes/Realtek/project/android/project/launch/app/src/main/cpp/native-lib.cpp:174:84: warning: unused parameter 'thiz' [-Wunused-parameter]
C/C++:   174 | Java_com_xff_launch_detector_NativeDetector_getLSPosedDetails(JNIEnv *env, jobject thiz) {
C/C++:       |                                                                                    ^
C/C++: /Volumes/Realtek/project/android/project/launch/app/src/main/cpp/native-lib.cpp:181:78: warning: unused parameter 'env' [-Wunused-parameter]
C/C++:   181 | Java_com_xff_launch_detector_NativeDetector_checkLSPosedMemoryNative(JNIEnv *env, jobject thiz) {
C/C++:       |                                                                              ^
C/C++: /Volumes/Realtek/project/android/project/launch/app/src/main/cpp/native-lib.cpp:181:91: warning: unused parameter 'thiz' [-Wunused-parameter]
C/C++:   181 | Java_com_xff_launch_detector_NativeDetector_checkLSPosedMemoryNative(JNIEnv *env, jobject thiz) {
C/C++:       |                                                                                           ^
C/C++: /Volumes/Realtek/project/android/project/launch/app/src/main/cpp/native-lib.cpp:186:79: warning: unused parameter 'env' [-Wunused-parameter]
C/C++:   186 | Java_com_xff_launch_detector_NativeDetector_checkLSPosedMemorySyscall(JNIEnv *env, jobject thiz) {
C/C++:       |                                                                               ^
C/C++: /Volumes/Realtek/project/android/project/launch/app/src/main/cpp/native-lib.cpp:186:92: warning: unused parameter 'thiz' [-Wunused-parameter]
C/C++:   186 | Java_com_xff_launch_detector_NativeDetector_checkLSPosedMemorySyscall(JNIEnv *env, jobject thiz) {
C/C++:       |                                                                                            ^
C/C++: /Volumes/Realtek/project/android/project/launch/app/src/main/cpp/native-lib.cpp:191:75: warning: unused parameter 'env' [-Wunused-parameter]
C/C++:   191 | Java_com_xff_launch_detector_NativeDetector_checkRiruZygiskNative(JNIEnv *env, jobject thiz) {
C/C++:       |                                                                           ^
C/C++: /Volumes/Realtek/project/android/project/launch/app/src/main/cpp/native-lib.cpp:191:88: warning: unused parameter 'thiz' [-Wunused-parameter]
C/C++:   191 | Java_com_xff_launch_detector_NativeDetector_checkRiruZygiskNative(JNIEnv *env, jobject thiz) {
C/C++:       |                                                                                        ^
C/C++: /Volumes/Realtek/project/android/project/launch/app/src/main/cpp/native-lib.cpp:196:76: warning: unused parameter 'env' [-Wunused-parameter]
C/C++:   196 | Java_com_xff_launch_detector_NativeDetector_checkRiruZygiskSyscall(JNIEnv *env, jobject thiz) {
C/C++:       |                                                                            ^
C/C++: /Volumes/Realtek/project/android/project/launch/app/src/main/cpp/native-lib.cpp:196:89: warning: unused parameter 'thiz' [-Wunused-parameter]
C/C++:   196 | Java_com_xff_launch_detector_NativeDetector_checkRiruZygiskSyscall(JNIEnv *env, jobject thiz) {
C/C++:       |                                                                                         ^
C/C++: /Volumes/Realtek/project/android/project/launch/app/src/main/cpp/native-lib.cpp:201:76: warning: unused parameter 'env' [-Wunused-parameter]
C/C++:   201 | Java_com_xff_launch_detector_NativeDetector_checkLSPosedSystemWide(JNIEnv *env, jobject thiz) {
C/C++:       |                                                                            ^
C/C++: /Volumes/Realtek/project/android/project/launch/app/src/main/cpp/native-lib.cpp:201:89: warning: unused parameter 'thiz' [-Wunused-parameter]
C/C++:   201 | Java_com_xff_launch_detector_NativeDetector_checkLSPosedSystemWide(JNIEnv *env, jobject thiz) {
C/C++:       |                                                                                         ^
C/C++: /Volumes/Realtek/project/android/project/launch/app/src/main/cpp/native-lib.cpp:206:84: warning: unused parameter 'env' [-Wunused-parameter]
C/C++:   206 | Java_com_xff_launch_detector_NativeDetector_checkAnonymousExecutableMemory(JNIEnv *env, jobject thiz) {
C/C++:       |                                                                                    ^
C/C++: /Volumes/Realtek/project/android/project/launch/app/src/main/cpp/native-lib.cpp:206:97: warning: unused parameter 'thiz' [-Wunused-parameter]
C/C++:   206 | Java_com_xff_launch_detector_NativeDetector_checkAnonymousExecutableMemory(JNIEnv *env, jobject thiz) {
C/C++:       |                                                                                                 ^
C/C++: /Volumes/Realtek/project/android/project/launch/app/src/main/cpp/native-lib.cpp:211:76: warning: unused parameter 'env' [-Wunused-parameter]
C/C++:   211 | Java_com_xff_launch_detector_NativeDetector_checkMemoryHooksNative(JNIEnv *env, jobject thiz) {
C/C++:       |                                                                            ^
C/C++: /Volumes/Realtek/project/android/project/launch/app/src/main/cpp/native-lib.cpp:211:89: warning: unused parameter 'thiz' [-Wunused-parameter]
C/C++:   211 | Java_com_xff_launch_detector_NativeDetector_checkMemoryHooksNative(JNIEnv *env, jobject thiz) {
C/C++:       |                                                                                         ^
C/C++: /Volumes/Realtek/project/android/project/launch/app/src/main/cpp/native-lib.cpp:216:77: warning: unused parameter 'env' [-Wunused-parameter]
C/C++:   216 | Java_com_xff_launch_detector_NativeDetector_checkMemoryHooksSyscall(JNIEnv *env, jobject thiz) {
C/C++:       |                                                                             ^
C/C++: /Volumes/Realtek/project/android/project/launch/app/src/main/cpp/native-lib.cpp:216:90: warning: unused parameter 'thiz' [-Wunused-parameter]
C/C++:   216 | Java_com_xff_launch_detector_NativeDetector_checkMemoryHooksSyscall(JNIEnv *env, jobject thiz) {
C/C++:       |                                                                                          ^
C/C++: /Volumes/Realtek/project/android/project/launch/app/src/main/cpp/native-lib.cpp:222:73: warning: unused parameter 'env' [-Wunused-parameter]
C/C++:   222 | Java_com_xff_launch_detector_NativeDetector_checkSmapsIntegrity(JNIEnv *env, jobject thiz) {
C/C++:       |                                                                         ^
C/C++: /Volumes/Realtek/project/android/project/launch/app/src/main/cpp/native-lib.cpp:222:86: warning: unused parameter 'thiz' [-Wunused-parameter]
C/C++:   222 | Java_com_xff_launch_detector_NativeDetector_checkSmapsIntegrity(JNIEnv *env, jobject thiz) {
C/C++:       |                                                                                      ^
C/C++: /Volumes/Realtek/project/android/project/launch/app/src/main/cpp/native-lib.cpp:228:71: warning: unused parameter 'env' [-Wunused-parameter]
C/C++:   228 | Java_com_xff_launch_detector_NativeDetector_checkZygiskNative(JNIEnv *env, jobject thiz) {
C/C++:       |                                                                       ^
C/C++: /Volumes/Realtek/project/android/project/launch/app/src/main/cpp/native-lib.cpp:228:84: warning: unused parameter 'thiz' [-Wunused-parameter]
C/C++:   228 | Java_com_xff_launch_detector_NativeDetector_checkZygiskNative(JNIEnv *env, jobject thiz) {
C/C++:       |                                                                                    ^
C/C++: /Volumes/Realtek/project/android/project/launch/app/src/main/cpp/native-lib.cpp:233:72: warning: unused parameter 'env' [-Wunused-parameter]
C/C++:   233 | Java_com_xff_launch_detector_NativeDetector_checkZygiskSyscall(JNIEnv *env, jobject thiz) {
C/C++:       |                                                                        ^
C/C++: /Volumes/Realtek/project/android/project/launch/app/src/main/cpp/native-lib.cpp:233:85: warning: unused parameter 'thiz' [-Wunused-parameter]
C/C++:   233 | Java_com_xff_launch_detector_NativeDetector_checkZygiskSyscall(JNIEnv *env, jobject thiz) {
C/C++:       |                                                                                     ^
C/C++: /Volumes/Realtek/project/android/project/launch/app/src/main/cpp/native-lib.cpp:240:73: warning: unused parameter 'env' [-Wunused-parameter]
C/C++:   240 | Java_com_xff_launch_detector_NativeDetector_checkEmulatorNative(JNIEnv *env, jobject thiz) {
C/C++:       |                                                                         ^
C/C++: /Volumes/Realtek/project/android/project/launch/app/src/main/cpp/native-lib.cpp:240:86: warning: unused parameter 'thiz' [-Wunused-parameter]
C/C++:   240 | Java_com_xff_launch_detector_NativeDetector_checkEmulatorNative(JNIEnv *env, jobject thiz) {
C/C++:       |                                                                                      ^
C/C++: /Volumes/Realtek/project/android/project/launch/app/src/main/cpp/native-lib.cpp:247:74: warning: unused parameter 'env' [-Wunused-parameter]
C/C++:   247 | Java_com_xff_launch_detector_NativeDetector_checkEmulatorSyscall(JNIEnv *env, jobject thiz) {
C/C++:       |                                                                          ^
C/C++: /Volumes/Realtek/project/android/project/launch/app/src/main/cpp/native-lib.cpp:247:87: warning: unused parameter 'thiz' [-Wunused-parameter]
C/C++:   247 | Java_com_xff_launch_detector_NativeDetector_checkEmulatorSyscall(JNIEnv *env, jobject thiz) {
C/C++:       |                                                                                       ^
C/C++: /Volumes/Realtek/project/android/project/launch/app/src/main/cpp/native-lib.cpp:252:69: warning: unused parameter 'env' [-Wunused-parameter]
C/C++:   252 | Java_com_xff_launch_detector_NativeDetector_checkQemuNative(JNIEnv *env, jobject thiz) {
C/C++:       |                                                                     ^
C/C++: /Volumes/Realtek/project/android/project/launch/app/src/main/cpp/native-lib.cpp:252:82: warning: unused parameter 'thiz' [-Wunused-parameter]
C/C++:   252 | Java_com_xff_launch_detector_NativeDetector_checkQemuNative(JNIEnv *env, jobject thiz) {
C/C++:       |                                                                                  ^
C/C++: /Volumes/Realtek/project/android/project/launch/app/src/main/cpp/native-lib.cpp:257:70: warning: unused parameter 'env' [-Wunused-parameter]
C/C++:   257 | Java_com_xff_launch_detector_NativeDetector_checkQemuSyscall(JNIEnv *env, jobject thiz) {
C/C++:       |                                                                      ^
C/C++: /Volumes/Realtek/project/android/project/launch/app/src/main/cpp/native-lib.cpp:257:83: warning: unused parameter 'thiz' [-Wunused-parameter]
C/C++:   257 | Java_com_xff_launch_detector_NativeDetector_checkQemuSyscall(JNIEnv *env, jobject thiz) {
C/C++:       |                                                                                   ^
C/C++: /Volumes/Realtek/project/android/project/launch/app/src/main/cpp/native-lib.cpp:264:73: warning: unused parameter 'env' [-Wunused-parameter]
C/C++:   264 | Java_com_xff_launch_detector_NativeDetector_checkDebuggerNative(JNIEnv *env, jobject thiz) {
C/C++:       |                                                                         ^
C/C++: /Volumes/Realtek/project/android/project/launch/app/src/main/cpp/native-lib.cpp:264:86: warning: unused parameter 'thiz' [-Wunused-parameter]
C/C++:   264 | Java_com_xff_launch_detector_NativeDetector_checkDebuggerNative(JNIEnv *env, jobject thiz) {
C/C++:       |                                                                                      ^
C/C++: /Volumes/Realtek/project/android/project/launch/app/src/main/cpp/native-lib.cpp:269:74: warning: unused parameter 'env' [-Wunused-parameter]
C/C++:   269 | Java_com_xff_launch_detector_NativeDetector_checkDebuggerSyscall(JNIEnv *env, jobject thiz) {
C/C++:       |                                                                          ^
C/C++: /Volumes/Realtek/project/android/project/launch/app/src/main/cpp/native-lib.cpp:269:87: warning: unused parameter 'thiz' [-Wunused-parameter]
C/C++:   269 | Java_com_xff_launch_detector_NativeDetector_checkDebuggerSyscall(JNIEnv *env, jobject thiz) {
C/C++:       |                                                                                       ^
C/C++: /Volumes/Realtek/project/android/project/launch/app/src/main/cpp/native-lib.cpp:274:71: warning: unused parameter 'env' [-Wunused-parameter]
C/C++:   274 | Java_com_xff_launch_detector_NativeDetector_checkPtraceNative(JNIEnv *env, jobject thiz) {
C/C++:       |                                                                       ^
C/C++: /Volumes/Realtek/project/android/project/launch/app/src/main/cpp/native-lib.cpp:274:84: warning: unused parameter 'thiz' [-Wunused-parameter]
C/C++:   274 | Java_com_xff_launch_detector_NativeDetector_checkPtraceNative(JNIEnv *env, jobject thiz) {
C/C++:       |                                                                                    ^
C/C++: /Volumes/Realtek/project/android/project/launch/app/src/main/cpp/native-lib.cpp:279:66: warning: unused parameter 'env' [-Wunused-parameter]
C/C++:   279 | Java_com_xff_launch_detector_NativeDetector_getTracerPid(JNIEnv *env, jobject thiz) {
C/C++:       |                                                                  ^
C/C++: /Volumes/Realtek/project/android/project/launch/app/src/main/cpp/native-lib.cpp:279:79: warning: unused parameter 'thiz' [-Wunused-parameter]
C/C++:   279 | Java_com_xff_launch_detector_NativeDetector_getTracerPid(JNIEnv *env, jobject thiz) {
C/C++:       |                                                                               ^
C/C++: /Volumes/Realtek/project/android/project/launch/app/src/main/cpp/native-lib.cpp:286:83: warning: unused parameter 'thiz' [-Wunused-parameter]
C/C++:   286 | Java_com_xff_launch_detector_NativeDetector_fileExistsNative(JNIEnv *env, jobject thiz, jstring path) {
C/C++:       |                                                                                   ^
C/C++: /Volumes/Realtek/project/android/project/launch/app/src/main/cpp/native-lib.cpp:294:84: warning: unused parameter 'thiz' [-Wunused-parameter]
C/C++:   294 | Java_com_xff_launch_detector_NativeDetector_fileExistsSyscall(JNIEnv *env, jobject thiz, jstring path) {
C/C++:       |                                                                                    ^
C/C++: /Volumes/Realtek/project/android/project/launch/app/src/main/cpp/native-lib.cpp:302:82: warning: unused parameter 'thiz' [-Wunused-parameter]
C/C++:   302 | Java_com_xff_launch_detector_NativeDetector_readFileSyscall(JNIEnv *env, jobject thiz, jstring path) {
C/C++:       |                                                                                  ^
C/C++: /Volumes/Realtek/project/android/project/launch/app/src/main/cpp/native-lib.cpp:336:81: warning: unused parameter 'thiz' [-Wunused-parameter]
C/C++:   336 | Java_com_xff_launch_detector_NativeDetector_readlinkNative(JNIEnv *env, jobject thiz, jstring path) {
C/C++:       |                                                                                 ^
C/C++: /Volumes/Realtek/project/android/project/launch/app/src/main/cpp/native-lib.cpp:353:82: warning: unused parameter 'thiz' [-Wunused-parameter]
C/C++:   353 | Java_com_xff_launch_detector_NativeDetector_readlinkSyscall(JNIEnv *env, jobject thiz, jstring path) {
C/C++:       |                                                                                  ^
C/C++: /Volumes/Realtek/project/android/project/launch/app/src/main/cpp/native-lib.cpp:370:82: warning: unused parameter 'thiz' [-Wunused-parameter]
C/C++:   370 | Java_com_xff_launch_detector_NativeDetector_isSymlinkNative(JNIEnv *env, jobject thiz, jstring path) {
C/C++:       |                                                                                  ^
C/C++: /Volumes/Realtek/project/android/project/launch/app/src/main/cpp/native-lib.cpp:386:83: warning: unused parameter 'thiz' [-Wunused-parameter]
C/C++:   386 | Java_com_xff_launch_detector_NativeDetector_isSymlinkSyscall(JNIEnv *env, jobject thiz, jstring path) {
C/C++:       |                                                                                   ^
C/C++: /Volumes/Realtek/project/android/project/launch/app/src/main/cpp/native-lib.cpp:402:81: warning: unused parameter 'thiz' [-Wunused-parameter]
C/C++:   402 | Java_com_xff_launch_detector_NativeDetector_realpathNative(JNIEnv *env, jobject thiz, jstring path) {
C/C++:       |                                                                                 ^
C/C++: /Volumes/Realtek/project/android/project/launch/app/src/main/cpp/native-lib.cpp:418:82: warning: unused parameter 'thiz' [-Wunused-parameter]
C/C++:   418 | Java_com_xff_launch_detector_NativeDetector_realpathSyscall(JNIEnv *env, jobject thiz, jstring path) {
C/C++:       |                                                                                  ^
C/C++: /Volumes/Realtek/project/android/project/launch/app/src/main/cpp/native-lib.cpp:467:87: warning: unused parameter 'thiz' [-Wunused-parameter]
C/C++:   467 | Java_com_xff_launch_detector_NativeDetector_checkProcFileSyscall(JNIEnv *env, jobject thiz, jstring path) {
C/C++:       |                                                                                       ^
C/C++: /Volumes/Realtek/project/android/project/launch/app/src/main/cpp/native-lib.cpp:490:76: warning: unused parameter 'env' [-Wunused-parameter]
C/C++:   490 | Java_com_xff_launch_detector_NativeDetector_checkHiddenMapsSyscall(JNIEnv *env, jobject thiz) {
C/C++:       |                                                                            ^
C/C++: /Volumes/Realtek/project/android/project/launch/app/src/main/cpp/native-lib.cpp:490:89: warning: unused parameter 'thiz' [-Wunused-parameter]
C/C++:   490 | Java_com_xff_launch_detector_NativeDetector_checkHiddenMapsSyscall(JNIEnv *env, jobject thiz) {
C/C++:       |                                                                                         ^
C/C++: /Volumes/Realtek/project/android/project/launch/app/src/main/cpp/native-lib.cpp:514:78: warning: unused parameter 'env' [-Wunused-parameter]
C/C++:   514 | Java_com_xff_launch_detector_NativeDetector_checkSuspiciousFdsNative(JNIEnv *env, jobject thiz) {
C/C++:       |                                                                              ^
C/C++: /Volumes/Realtek/project/android/project/launch/app/src/main/cpp/native-lib.cpp:514:91: warning: unused parameter 'thiz' [-Wunused-parameter]
C/C++:   514 | Java_com_xff_launch_detector_NativeDetector_checkSuspiciousFdsNative(JNIEnv *env, jobject thiz) {
C/C++:       |                                                                                           ^
C/C++: /Volumes/Realtek/project/android/project/launch/app/src/main/cpp/native-lib.cpp:544:79: warning: unused parameter 'env' [-Wunused-parameter]
C/C++:   544 | Java_com_xff_launch_detector_NativeDetector_checkSuspiciousFdsSyscall(JNIEnv *env, jobject thiz) {
C/C++:       |                                                                               ^
C/C++: /Volumes/Realtek/project/android/project/launch/app/src/main/cpp/native-lib.cpp:544:92: warning: unused parameter 'thiz' [-Wunused-parameter]
C/C++:   544 | Java_com_xff_launch_detector_NativeDetector_checkSuspiciousFdsSyscall(JNIEnv *env, jobject thiz) {
C/C++:       |                                                                                            ^
C/C++: /Volumes/Realtek/project/android/project/launch/app/src/main/cpp/native-lib.cpp:586:79: warning: unused parameter 'env' [-Wunused-parameter]
C/C++:   586 | Java_com_xff_launch_detector_NativeDetector_checkMountNamespaceNative(JNIEnv *env, jobject thiz) {
C/C++:       |                                                                               ^
C/C++: /Volumes/Realtek/project/android/project/launch/app/src/main/cpp/native-lib.cpp:586:92: warning: unused parameter 'thiz' [-Wunused-parameter]
C/C++:   586 | Java_com_xff_launch_detector_NativeDetector_checkMountNamespaceNative(JNIEnv *env, jobject thiz) {
C/C++:       |                                                                                            ^
C/C++: /Volumes/Realtek/project/android/project/launch/app/src/main/cpp/native-lib.cpp:622:80: warning: unused parameter 'env' [-Wunused-parameter]
C/C++:   622 | Java_com_xff_launch_detector_NativeDetector_checkMountNamespaceSyscall(JNIEnv *env, jobject thiz) {
C/C++:       |                                                                                ^
C/C++: /Volumes/Realtek/project/android/project/launch/app/src/main/cpp/native-lib.cpp:622:93: warning: unused parameter 'thiz' [-Wunused-parameter]
C/C++:   622 | Java_com_xff_launch_detector_NativeDetector_checkMountNamespaceSyscall(JNIEnv *env, jobject thiz) {
C/C++:       |                                                                                             ^
C/C++: /Volumes/Realtek/project/android/project/launch/app/src/main/cpp/native-lib.cpp:703:69: warning: unused parameter 'env' [-Wunused-parameter]
C/C++:   703 | Java_com_xff_launch_detector_NativeDetector_checkRiruNative(JNIEnv *env, jobject thiz) {
C/C++:       |                                                                     ^
C/C++: /Volumes/Realtek/project/android/project/launch/app/src/main/cpp/native-lib.cpp:703:82: warning: unused parameter 'thiz' [-Wunused-parameter]
C/C++:   703 | Java_com_xff_launch_detector_NativeDetector_checkRiruNative(JNIEnv *env, jobject thiz) {
C/C++:       |                                                                                  ^
C/C++: /Volumes/Realtek/project/android/project/launch/app/src/main/cpp/native-lib.cpp:723:70: warning: unused parameter 'env' [-Wunused-parameter]
C/C++:   723 | Java_com_xff_launch_detector_NativeDetector_checkRiruSyscall(JNIEnv *env, jobject thiz) {
C/C++:       |                                                                      ^
C/C++: /Volumes/Realtek/project/android/project/launch/app/src/main/cpp/native-lib.cpp:723:83: warning: unused parameter 'thiz' [-Wunused-parameter]
C/C++:   723 | Java_com_xff_launch_detector_NativeDetector_checkRiruSyscall(JNIEnv *env, jobject thiz) {
C/C++:       |                                                                                   ^
C/C++: /Volumes/Realtek/project/android/project/launch/app/src/main/cpp/native-lib.cpp:741:90: warning: unused parameter 'thiz' [-Wunused-parameter]
C/C++:   741 | Java_com_xff_launch_detector_NativeDetector_getSELinuxContextNative(JNIEnv *env, jobject thiz) {
C/C++:       |                                                                                          ^
C/C++: /Volumes/Realtek/project/android/project/launch/app/src/main/cpp/native-lib.cpp:751:79: warning: unused parameter 'env' [-Wunused-parameter]
C/C++:   751 | Java_com_xff_launch_detector_NativeDetector_checkSuspiciousMapsNative(JNIEnv *env, jobject thiz) {
C/C++:       |                                                                               ^
C/C++: /Volumes/Realtek/project/android/project/launch/app/src/main/cpp/native-lib.cpp:751:92: warning: unused parameter 'thiz' [-Wunused-parameter]
C/C++:   751 | Java_com_xff_launch_detector_NativeDetector_checkSuspiciousMapsNative(JNIEnv *env, jobject thiz) {
C/C++:       |                                                                                            ^
C/C++: /Volumes/Realtek/project/android/project/launch/app/src/main/cpp/native-lib.cpp:758:80: warning: unused parameter 'env' [-Wunused-parameter]
C/C++:   758 | Java_com_xff_launch_detector_NativeDetector_checkSuspiciousMapsSyscall(JNIEnv *env, jobject thiz) {
C/C++:       |                                                                                ^
C/C++: /Volumes/Realtek/project/android/project/launch/app/src/main/cpp/native-lib.cpp:758:93: warning: unused parameter 'thiz' [-Wunused-parameter]
C/C++:   758 | Java_com_xff_launch_detector_NativeDetector_checkSuspiciousMapsSyscall(JNIEnv *env, jobject thiz) {
C/C++:       |                                                                                             ^
C/C++: /Volumes/Realtek/project/android/project/launch/app/src/main/cpp/native-lib.cpp:765:75: warning: unused parameter 'env' [-Wunused-parameter]
C/C++:   765 | Java_com_xff_launch_detector_NativeDetector_checkAppProcessNative(JNIEnv *env, jobject thiz) {
C/C++:       |                                                                           ^
C/C++: /Volumes/Realtek/project/android/project/launch/app/src/main/cpp/native-lib.cpp:765:88: warning: unused parameter 'thiz' [-Wunused-parameter]
C/C++:   765 | Java_com_xff_launch_detector_NativeDetector_checkAppProcessNative(JNIEnv *env, jobject thiz) {
C/C++:       |                                                                                        ^
C/C++: /Volumes/Realtek/project/android/project/launch/app/src/main/cpp/native-lib.cpp:821:76: warning: unused parameter 'env' [-Wunused-parameter]
C/C++:   821 | Java_com_xff_launch_detector_NativeDetector_checkAppProcessSyscall(JNIEnv *env, jobject thiz) {
C/C++:       |                                                                            ^
C/C++: /Volumes/Realtek/project/android/project/launch/app/src/main/cpp/native-lib.cpp:821:89: warning: unused parameter 'thiz' [-Wunused-parameter]
C/C++:   821 | Java_com_xff_launch_detector_NativeDetector_checkAppProcessSyscall(JNIEnv *env, jobject thiz) {
C/C++:       |                                                                                         ^
C/C++: /Volumes/Realtek/project/android/project/launch/app/src/main/cpp/native-lib.cpp:871:92: warning: unused parameter 'thiz' [-Wunused-parameter]
C/C++:   871 | Java_com_xff_launch_detector_NativeDetector_checkFileIntegritySyscall(JNIEnv *env, jobject thiz, jstring path) {
C/C++:       |                                                                                            ^
C/C++: /Volumes/Realtek/project/android/project/launch/app/src/main/cpp/native-lib.cpp:890:79: warning: unused parameter 'env' [-Wunused-parameter]
C/C++:   890 | Java_com_xff_launch_detector_NativeDetector_countZygiskModulesSyscall(JNIEnv *env, jobject thiz) {
C/C++:       |                                                                               ^
C/C++: /Volumes/Realtek/project/android/project/launch/app/src/main/cpp/native-lib.cpp:890:92: warning: unused parameter 'thiz' [-Wunused-parameter]
C/C++:   890 | Java_com_xff_launch_detector_NativeDetector_countZygiskModulesSyscall(JNIEnv *env, jobject thiz) {
C/C++:       |                                                                                            ^
C/C++: /Volumes/Realtek/project/android/project/launch/app/src/main/cpp/native-lib.cpp:926:80: warning: unused parameter 'env' [-Wunused-parameter]
C/C++:   926 | Java_com_xff_launch_detector_NativeDetector_checkMemoryIntegrityNative(JNIEnv *env, jobject thiz) {
C/C++:       |                                                                                ^
C/C++: /Volumes/Realtek/project/android/project/launch/app/src/main/cpp/native-lib.cpp:926:93: warning: unused parameter 'thiz' [-Wunused-parameter]
C/C++:   926 | Java_com_xff_launch_detector_NativeDetector_checkMemoryIntegrityNative(JNIEnv *env, jobject thiz) {
C/C++:       |                                                                                             ^
C/C++: /Volumes/Realtek/project/android/project/launch/app/src/main/cpp/native-lib.cpp:945:81: warning: unused parameter 'env' [-Wunused-parameter]
C/C++:   945 | Java_com_xff_launch_detector_NativeDetector_checkMemoryIntegritySyscall(JNIEnv *env, jobject thiz) {
C/C++:       |                                                                                 ^
C/C++: /Volumes/Realtek/project/android/project/launch/app/src/main/cpp/native-lib.cpp:945:94: warning: unused parameter 'thiz' [-Wunused-parameter]
C/C++:   945 | Java_com_xff_launch_detector_NativeDetector_checkMemoryIntegritySyscall(JNIEnv *env, jobject thiz) {
C/C++:       |                                                                                              ^
C/C++: /Volumes/Realtek/project/android/project/launch/app/src/main/cpp/native-lib.cpp:959:77: warning: unused parameter 'env' [-Wunused-parameter]
C/C++:   959 | Java_com_xff_launch_detector_NativeDetector_checkInlineHooksSyscall(JNIEnv *env, jobject thiz) {
C/C++:       |                                                                             ^
C/C++: /Volumes/Realtek/project/android/project/launch/app/src/main/cpp/native-lib.cpp:959:90: warning: unused parameter 'thiz' [-Wunused-parameter]
C/C++:   959 | Java_com_xff_launch_detector_NativeDetector_checkInlineHooksSyscall(JNIEnv *env, jobject thiz) {
C/C++:       |                                                                                          ^
C/C++: /Volumes/Realtek/project/android/project/launch/app/src/main/cpp/native-lib.cpp:1007:86: warning: unused parameter 'env' [-Wunused-parameter]
C/C++:  1007 | Java_com_xff_launch_detector_NativeDetector_checkSuspiciousAnonMemorySyscall(JNIEnv *env, jobject thiz) {
C/C++:       |                                                                                      ^
C/C++: /Volumes/Realtek/project/android/project/launch/app/src/main/cpp/native-lib.cpp:1007:99: warning: unused parameter 'thiz' [-Wunused-parameter]
C/C++:  1007 | Java_com_xff_launch_detector_NativeDetector_checkSuspiciousAnonMemorySyscall(JNIEnv *env, jobject thiz) {
C/C++:       |                                                                                                   ^
C/C++: /Volumes/Realtek/project/android/project/launch/app/src/main/cpp/native-lib.cpp:1049:75: warning: unused parameter 'env' [-Wunused-parameter]
C/C++:  1049 | Java_com_xff_launch_detector_NativeDetector_checkLibcHooksSyscall(JNIEnv *env, jobject thiz) {
C/C++:       |                                                                           ^
C/C++: /Volumes/Realtek/project/android/project/launch/app/src/main/cpp/native-lib.cpp:1049:88: warning: unused parameter 'thiz' [-Wunused-parameter]
C/C++:  1049 | Java_com_xff_launch_detector_NativeDetector_checkLibcHooksSyscall(JNIEnv *env, jobject thiz) {
C/C++:       |                                                                                        ^
C/C++: /Volumes/Realtek/project/android/project/launch/app/src/main/cpp/native-lib.cpp:1075:74: warning: unused parameter 'env' [-Wunused-parameter]
C/C++:  1075 | Java_com_xff_launch_detector_NativeDetector_checkArtHooksSyscall(JNIEnv *env, jobject thiz) {
C/C++:       |                                                                          ^
C/C++: /Volumes/Realtek/project/android/project/launch/app/src/main/cpp/native-lib.cpp:1075:87: warning: unused parameter 'thiz' [-Wunused-parameter]
C/C++:  1075 | Java_com_xff_launch_detector_NativeDetector_checkArtHooksSyscall(JNIEnv *env, jobject thiz) {
C/C++:       |                                                                                       ^
C/C++: /Volumes/Realtek/project/android/project/launch/app/src/main/cpp/native-lib.cpp:1093:77: warning: unused parameter 'env' [-Wunused-parameter]
C/C++:  1093 | Java_com_xff_launch_detector_NativeDetector_checkLibraryHooksNative(JNIEnv *env, jobject thiz) {
C/C++:       |                                                                             ^
C/C++: /Volumes/Realtek/project/android/project/launch/app/src/main/cpp/native-lib.cpp:1093:90: warning: unused parameter 'thiz' [-Wunused-parameter]
C/C++:  1093 | Java_com_xff_launch_detector_NativeDetector_checkLibraryHooksNative(JNIEnv *env, jobject thiz) {
C/C++:       |                                                                                          ^
C/C++: /Volumes/Realtek/project/android/project/launch/app/src/main/cpp/native-lib.cpp:1179:77: warning: unused parameter 'env' [-Wunused-parameter]
C/C++:  1179 | Java_com_xff_launch_detector_NativeDetector_checkZygoteParentNative(JNIEnv *env, jobject thiz) {
C/C++:       |                                                                             ^
C/C++: /Volumes/Realtek/project/android/project/launch/app/src/main/cpp/native-lib.cpp:1179:90: warning: unused parameter 'thiz' [-Wunused-parameter]
C/C++:  1179 | Java_com_xff_launch_detector_NativeDetector_checkZygoteParentNative(JNIEnv *env, jobject thiz) {
C/C++:       |                                                                                          ^
C/C++: /Volumes/Realtek/project/android/project/launch/app/src/main/cpp/native-lib.cpp:1197:80: warning: unused parameter 'thiz' [-Wunused-parameter]
C/C++:  1197 | Java_com_xff_launch_detector_NativeDetector_getZygoteInfo(JNIEnv *env, jobject thiz) {
C/C++:       |                                                                                ^
C/C++: /Volumes/Realtek/project/android/project/launch/app/src/main/cpp/native-lib.cpp:1219:77: warning: unused parameter 'env' [-Wunused-parameter]
C/C++:  1219 | Java_com_xff_launch_detector_NativeDetector_countAnonymousRwxMemory(JNIEnv *env, jobject thiz) {
C/C++:       |                                                                             ^
C/C++: /Volumes/Realtek/project/android/project/launch/app/src/main/cpp/native-lib.cpp:1219:90: warning: unused parameter 'thiz' [-Wunused-parameter]
C/C++:  1219 | Java_com_xff_launch_detector_NativeDetector_countAnonymousRwxMemory(JNIEnv *env, jobject thiz) {
C/C++:       |                                                                                          ^
C/C++: /Volumes/Realtek/project/android/project/launch/app/src/main/cpp/native-lib.cpp:1282:89: warning: unused parameter 'thiz' [-Wunused-parameter]
C/C++:  1282 | Java_com_xff_launch_detector_NativeDetector_getAnonymousRwxDetails(JNIEnv *env, jobject thiz) {
C/C++:       |                                                                                         ^
C/C++: /Volumes/Realtek/project/android/project/launch/app/src/main/cpp/native-lib.cpp:1332:76: warning: unused parameter 'env' [-Wunused-parameter]
C/C++:  1332 | Java_com_xff_launch_detector_NativeDetector_benchmarkSyscallOpenat(JNIEnv *env, jobject thiz, jint iterations) {
C/C++:       |                                                                            ^
C/C++: /Volumes/Realtek/project/android/project/launch/app/src/main/cpp/native-lib.cpp:1332:89: warning: unused parameter 'thiz' [-Wunused-parameter]
C/C++:  1332 | Java_com_xff_launch_detector_NativeDetector_benchmarkSyscallOpenat(JNIEnv *env, jobject thiz, jint iterations) {
C/C++:       |                                                                                         ^
C/C++: /Volumes/Realtek/project/android/project/launch/app/src/main/cpp/native-lib.cpp:1340:73: warning: unused parameter 'env' [-Wunused-parameter]
C/C++:  1340 | Java_com_xff_launch_detector_NativeDetector_benchmarkLibcOpenat(JNIEnv *env, jobject thiz, jint iterations) {
C/C++:       |                                                                         ^
C/C++: /Volumes/Realtek/project/android/project/launch/app/src/main/cpp/native-lib.cpp:1340:86: warning: unused parameter 'thiz' [-Wunused-parameter]
C/C++:  1340 | Java_com_xff_launch_detector_NativeDetector_benchmarkLibcOpenat(JNIEnv *env, jobject thiz, jint iterations) {
C/C++:       |                                                                                      ^
C/C++: /Volumes/Realtek/project/android/project/launch/app/src/main/cpp/native-lib.cpp:1348:76: warning: unused parameter 'env' [-Wunused-parameter]
C/C++:  1348 | Java_com_xff_launch_detector_NativeDetector_benchmarkSyscallAccess(JNIEnv *env, jobject thiz, jint iterations) {
C/C++:       |                                                                            ^
C/C++: /Volumes/Realtek/project/android/project/launch/app/src/main/cpp/native-lib.cpp:1348:89: warning: unused parameter 'thiz' [-Wunused-parameter]
C/C++:  1348 | Java_com_xff_launch_detector_NativeDetector_benchmarkSyscallAccess(JNIEnv *env, jobject thiz, jint iterations) {
C/C++:       |                                                                                         ^
C/C++: /Volumes/Realtek/project/android/project/launch/app/src/main/cpp/native-lib.cpp:1356:73: warning: unused parameter 'env' [-Wunused-parameter]
C/C++:  1356 | Java_com_xff_launch_detector_NativeDetector_benchmarkLibcAccess(JNIEnv *env, jobject thiz, jint iterations) {
C/C++:       |                                                                         ^
C/C++: /Volumes/Realtek/project/android/project/launch/app/src/main/cpp/native-lib.cpp:1356:86: warning: unused parameter 'thiz' [-Wunused-parameter]
C/C++:  1356 | Java_com_xff_launch_detector_NativeDetector_benchmarkLibcAccess(JNIEnv *env, jobject thiz, jint iterations) {
C/C++:       |                                                                                      ^
C/C++: /Volumes/Realtek/project/android/project/launch/app/src/main/cpp/native-lib.cpp:1364:74: warning: unused parameter 'env' [-Wunused-parameter]
C/C++:  1364 | Java_com_xff_launch_detector_NativeDetector_benchmarkSyscallStat(JNIEnv *env, jobject thiz, jint iterations) {
C/C++:       |                                                                          ^
C/C++: /Volumes/Realtek/project/android/project/launch/app/src/main/cpp/native-lib.cpp:1364:87: warning: unused parameter 'thiz' [-Wunused-parameter]
C/C++:  1364 | Java_com_xff_launch_detector_NativeDetector_benchmarkSyscallStat(JNIEnv *env, jobject thiz, jint iterations) {
C/C++:       |                                                                                       ^
C/C++: /Volumes/Realtek/project/android/project/launch/app/src/main/cpp/native-lib.cpp:1372:71: warning: unused parameter 'env' [-Wunused-parameter]
C/C++:  1372 | Java_com_xff_launch_detector_NativeDetector_benchmarkLibcStat(JNIEnv *env, jobject thiz, jint iterations) {
C/C++:       |                                                                       ^
C/C++: /Volumes/Realtek/project/android/project/launch/app/src/main/cpp/native-lib.cpp:1372:84: warning: unused parameter 'thiz' [-Wunused-parameter]
C/C++:  1372 | Java_com_xff_launch_detector_NativeDetector_benchmarkLibcStat(JNIEnv *env, jobject thiz, jint iterations) {
C/C++:       |                                                                                    ^
C/C++: /Volumes/Realtek/project/android/project/launch/app/src/main/cpp/native-lib.cpp:1384:73: warning: unused parameter 'env' [-Wunused-parameter]
C/C++:  1384 | Java_com_xff_launch_detector_NativeDetector_detectTimingAnomaly(JNIEnv *env, jobject thiz,
C/C++:       |                                                                         ^
C/C++: /Volumes/Realtek/project/android/project/launch/app/src/main/cpp/native-lib.cpp:1384:86: warning: unused parameter 'thiz' [-Wunused-parameter]
C/C++:  1384 | Java_com_xff_launch_detector_NativeDetector_detectTimingAnomaly(JNIEnv *env, jobject thiz,
C/C++:       |                                                                                      ^
C/C++: /Volumes/Realtek/project/android/project/launch/app/src/main/cpp/native-lib.cpp:1393:84: warning: unused parameter 'thiz' [-Wunused-parameter]
C/C++:  1393 | Java_com_xff_launch_detector_NativeDetector_getSystemProperty(JNIEnv *env, jobject thiz, jstring key) {
C/C++:       |                                                                                    ^
C/C++: /Volumes/Realtek/project/android/project/launch/app/src/main/cpp/native-lib.cpp:1406:89: warning: unused parameter 'thiz' [-Wunused-parameter]
C/C++:  1406 | Java_com_xff_launch_detector_NativeDetector_getBuildPropertyNative(JNIEnv *env, jobject thiz, jstring propName) {
C/C++:       |                                                                                         ^
C/C++: /Volumes/Realtek/project/android/project/launch/app/src/main/cpp/native-lib.cpp:1417:90: warning: unused parameter 'thiz' [-Wunused-parameter]
C/C++:  1417 | Java_com_xff_launch_detector_NativeDetector_getBuildPropertySyscall(JNIEnv *env, jobject thiz, jstring propName) {
C/C++:       |                                                                                          ^
C/C++: /Volumes/Realtek/project/android/project/launch/app/src/main/cpp/native-lib.cpp:1512:81: warning: unused parameter 'thiz' [-Wunused-parameter]
C/C++:  1512 | Java_com_xff_launch_detector_NativeDetector_readKernelFile(JNIEnv *env, jobject thiz, jstring path) {
C/C++:       |                                                                                 ^
C/C++: /Volumes/Realtek/project/android/project/launch/app/src/main/cpp/native-lib.cpp:1520:79: warning: unused parameter 'thiz' [-Wunused-parameter]
C/C++:  1520 | Java_com_xff_launch_detector_NativeDetector_getCpuSerial(JNIEnv *env, jobject thiz) {
C/C++:       |                                                                               ^
C/C++: /Volumes/Realtek/project/android/project/launch/app/src/main/cpp/native-lib.cpp:1527:86: warning: unused parameter 'thiz' [-Wunused-parameter]
C/C++:  1527 | Java_com_xff_launch_detector_NativeDetector_getCpuSerialSyscall(JNIEnv *env, jobject thiz) {
C/C++:       |                                                                                      ^
C/C++: /Volumes/Realtek/project/android/project/launch/app/src/main/cpp/native-lib.cpp:1534:81: warning: unused parameter 'thiz' [-Wunused-parameter]
C/C++:  1534 | Java_com_xff_launch_detector_NativeDetector_getCpuHardware(JNIEnv *env, jobject thiz) {
C/C++:       |                                                                                 ^
C/C++: /Volumes/Realtek/project/android/project/launch/app/src/main/cpp/native-lib.cpp:1541:88: warning: unused parameter 'thiz' [-Wunused-parameter]
C/C++:  1541 | Java_com_xff_launch_detector_NativeDetector_getCpuHardwareSyscall(JNIEnv *env, jobject thiz) {
C/C++:       |                                                                                        ^
C/C++: /Volumes/Realtek/project/android/project/launch/app/src/main/cpp/native-lib.cpp:1548:79: warning: unused parameter 'thiz' [-Wunused-parameter]
C/C++:  1548 | Java_com_xff_launch_detector_NativeDetector_getBootParam(JNIEnv *env, jobject thiz, jstring paramName) {
C/C++:       |                                                                               ^
C/C++: /Volumes/Realtek/project/android/project/launch/app/src/main/cpp/native-lib.cpp:1557:86: warning: unused parameter 'thiz' [-Wunused-parameter]
C/C++:  1557 | Java_com_xff_launch_detector_NativeDetector_getBootParamSyscall(JNIEnv *env, jobject thiz, jstring paramName) {
C/C++:       |                                                                                      ^
C/C++: /Volumes/Realtek/project/android/project/launch/app/src/main/cpp/native-lib.cpp:1568:72: warning: unused parameter 'env' [-Wunused-parameter]
C/C++:  1568 | Java_com_xff_launch_detector_NativeDetector_checkLibcIntegrity(JNIEnv *env, jobject thiz) {
C/C++:       |                                                                        ^
C/C++: /Volumes/Realtek/project/android/project/launch/app/src/main/cpp/native-lib.cpp:1568:85: warning: unused parameter 'thiz' [-Wunused-parameter]
C/C++:  1568 | Java_com_xff_launch_detector_NativeDetector_checkLibcIntegrity(JNIEnv *env, jobject thiz) {
C/C++:       |                                                                                     ^
C/C++: /Volumes/Realtek/project/android/project/launch/app/src/main/cpp/native-lib.cpp:1573:74: warning: unused parameter 'env' [-Wunused-parameter]
C/C++:  1573 | Java_com_xff_launch_detector_NativeDetector_checkLibartIntegrity(JNIEnv *env, jobject thiz) {
C/C++:       |                                                                          ^
C/C++: /Volumes/Realtek/project/android/project/launch/app/src/main/cpp/native-lib.cpp:1573:87: warning: unused parameter 'thiz' [-Wunused-parameter]
C/C++:  1573 | Java_com_xff_launch_detector_NativeDetector_checkLibartIntegrity(JNIEnv *env, jobject thiz) {
C/C++:       |                                                                                       ^
C/C++: /Volumes/Realtek/project/android/project/launch/app/src/main/cpp/native-lib.cpp:1578:82: warning: unused parameter 'env' [-Wunused-parameter]
C/C++:  1578 | Java_com_xff_launch_detector_NativeDetector_checkAndroidRuntimeIntegrity(JNIEnv *env, jobject thiz) {
C/C++:       |                                                                                  ^
C/C++: /Volumes/Realtek/project/android/project/launch/app/src/main/cpp/native-lib.cpp:1578:95: warning: unused parameter 'thiz' [-Wunused-parameter]
C/C++:  1578 | Java_com_xff_launch_detector_NativeDetector_checkAndroidRuntimeIntegrity(JNIEnv *env, jobject thiz) {
C/C++:       |                                                                                               ^
C/C++: /Volumes/Realtek/project/android/project/launch/app/src/main/cpp/native-lib.cpp:1583:99: warning: unused parameter 'thiz' [-Wunused-parameter]
C/C++:  1583 | Java_com_xff_launch_detector_NativeDetector_checkAllSystemLibrariesIntegrity(JNIEnv *env, jobject thiz) {
C/C++:       |                                                                                                   ^
C/C++: /Volumes/Realtek/project/android/project/launch/app/src/main/cpp/native-lib.cpp:1589:88: warning: unused parameter 'thiz' [-Wunused-parameter]
C/C++:  1589 | Java_com_xff_launch_detector_NativeDetector_checkLibraryIntegrity(JNIEnv *env, jobject thiz, jstring libName) {
C/C++:       |                                                                                        ^
C/C++: /Volumes/Realtek/project/android/project/launch/app/src/main/cpp/native-lib.cpp:1597:84: warning: unused parameter 'thiz' [-Wunused-parameter]
C/C++:  1597 | Java_com_xff_launch_detector_NativeDetector_checkFunctionHook(JNIEnv *env, jobject thiz,
C/C++:       |                                                                                    ^
C/C++: /Volumes/Realtek/project/android/project/launch/app/src/main/cpp/native-lib.cpp:1610:69: warning: unused parameter 'thiz' [-Wunused-parameter]
C/C++:  1610 | Java_com_xff_launch_MainActivity_stringFromJNI(JNIEnv *env, jobject thiz) {
C/C++:       |                                                                     ^
C/C++: 173 warnings generated.

> Task :app:compileDebugJavaWithJavac FAILED
/Volumes/Realtek/project/android/project/launch/app/src/main/java/com/xff/launch/detector/NativeDetector.java:133: 错误: 已在类 NativeDetector中定义了方法 checkZygiskNative()
    public native boolean checkZygiskNative();
                          ^
/Volumes/Realtek/project/android/project/launch/app/src/main/java/com/xff/launch/detector/NativeDetector.java:136: 错误: 已在类 NativeDetector中定义了方法 checkZygiskSyscall()
    public native boolean checkZygiskSyscall();
                          ^
注: 某些输入文件使用或覆盖了已过时的 API。
注: 有关详细信息, 请使用 -Xlint:deprecation 重新编译。
2 个错误

[Incubating] Problems report is available at: file:///Volumes/Realtek/project/android/project/launch/build/reports/problems/problems-report.html

FAILURE: Build failed with an exception.

* What went wrong:
Execution failed for task ':app:compileDebugJavaWithJavac'.
> Compilation failed; see the compiler output below.
  /Volumes/Realtek/project/android/project/launch/app/src/main/java/com/xff/launch/detector/NativeDetector.java:133: 错误: 已在类 NativeDetector中定义了方法 checkZygiskNative()
      public native boolean checkZygiskNative();
                            ^
  /Volumes/Realtek/project/android/project/launch/app/src/main/java/com/xff/launch/detector/NativeDetector.java:136: 错误: 已在类 NativeDetector中定义了方法 checkZygiskSyscall()
      public native boolean checkZygiskSyscall();
                            ^
  注: 某些输入文件使用或覆盖了已过时的 API。
  注: 有关详细信息, 请使用 -Xlint:deprecation 重新编译。
  2 个错误

* Try:
> Check your code and dependencies to fix the compilation error(s)
> Run with --scan to get full insights.

Deprecated Gradle features were used in this build, making it incompatible with Gradle 9.0.

You can use '--warning-mode all' to show the individual deprecation warnings and determine if they come from your own scripts or plugins.

For more on this, please refer to https://docs.gradle.org/8.13/userguide/command_line_interface.html#sec:command_line_warnings in the Gradle documentation.

BUILD FAILED in 1s
29 actionable tasks: 4 executed, 25 up-to-date
